
> trading-agent-frontend@0.0.0 build
> ng build

[33mΓ¥»[39m Building...
[32mΓ£ö[39m Building...
[35mPrerendered 0 static routes.[39m
Application bundle generation failed. [4.343 seconds] - 2026-02-01T16:15:34.463Z

node.exe : 
[1m[31m[31mΓ£ÿ [41;31m[
[41;97mERROR[41;31m][0m 
[1mUnexpected }[0m 
[1m[35m[plugin 
angular-css][0m
At C:\Program 
Files\nodejs\npm.ps1:29 
char:3
+   & $NODE_EXE $NPM_CLI_JS 
$args
+   ~~~~~~~~~~~~~~~~~~~~~~~~
~~~~~
    + CategoryInfo          
    : NotSpecified: ([1m  
  [31m[31mΓ...ngular-css   
 ][0m:String) [], Remot    
eException
    + FullyQualifiedErrorId 
    : NativeCommandError
 

    src/styles.css:75:2:
[37m      75 Γöé   
[32m[37m}
         Γò╡   [32m^[0m

  The plugin "angular-css" 
was triggered by this import

    angular:styles/global:st
yles:1:8:
[37m      1 Γöé @import 
[32m'src/styles.css'[37m;
        Γò╡         
[32m~~~~~~~~~~~~~~~~[0m

[39m[22m
